core_cm4.h:1688:22:__NVIC_EnableIRQ	16	static
main.c:55:5:main	8	static
main.c:76:6:button_init	8	static
main.c:102:6:uart2_init	4	static
main.c:131:6:dma1_init	16	static
main.c:169:6:enable_dma1_stream6	4	static
main.c:173:6:dma1_interrupt_configuration	8	static
main.c:194:6:send_some_data	16	static
main.c:204:6:HT_Complete_callback	4	static
main.c:208:6:FT_Complete_callback	4	static
main.c:212:6:TE_Complete_callback	4	static
main.c:216:6:FE_Complete_callback	4	static
main.c:220:6:DME_Complete_callback	4	static
