main.c:83:5:main	8	static
main.c:138:6:SystemClock_Config	88	static
main.c:183:13:MX_CRC_Init	8	static
main.c:209:13:MX_USART2_UART_Init	8	static
main.c:242:13:MX_GPIO_Init	56	static
main.c:377:6:bootloader_uart_read_data	16	static
main.c:435:6:bootloader_jump_to_user_app	24	static,ignoring_inline_asm
main.c:461:6:bootloader_handle_getver_cmd	32	static
main.c:490:6:bootloader_handle_gethelp_cmd	24	static
main.c:512:6:bootloader_handle_getcid_cmd	32	static
main.c:537:6:bootloader_handle_getrdp_cmd	32	static
main.c:562:6:bootloader_handle_go_cmd	40	static
main.c:616:6:bootloader_handle_flash_erase_cmd	32	static
main.c:641:6:bootloader_handle_mem_write_cmd	40	static
main.c:686:6:bootloader_handle_en_rw_protect	16	static
main.c:690:6:bootloader_handle_mem_read	16	static
main.c:694:6:bootloader_handle_read_sector_protection_status	16	static
main.c:698:6:bootloader_handle_read_otp	16	static
main.c:702:6:bootloader_handle_dis_rw_protect	16	static
main.c:708:6:bootloader_send_ack	24	static
main.c:719:6:bootloader_send_nack	16	static
main.c:726:9:bootloader_verify_crc	40	static
main.c:748:9:get_bootloader_version	4	static
main.c:752:6:bootloader_uart_write_data	16	static
main.c:758:10:get_mcu_chip_id	16	static
main.c:775:9:get_flash_rdp_level	16	static
main.c:794:9:verify_address	16	static
main.c:825:9:execute_flash_erase	48	static
main.c:874:9:execute_mem_write	32	static
main.c:899:6:Error_Handler	4	static,ignoring_inline_asm
