main.c:30:5:main	8	static
main.c:67:6:Error_handler	4	static
main.c:72:6:CAN1_Init	8	static
main.c:93:6:CAN_Filter_Config	48	static
main.c:112:6:GPIO_Init	32	static
main.c:125:6:HAL_CAN_TxMailbox0CompleteCallback	16	static
main.c:130:6:HAL_CAN_TxMailbox1CompleteCallback	16	static
main.c:135:6:HAL_CAN_TxMailbox2CompleteCallback	16	static
main.c:140:6:HAL_CAN_RxFifo0MsgPendingCallback	56	static
main.c:159:6:HAL_CAN_ErrorCallback	16	static
main.c:163:6:Send_response	40	static
main.c:180:6:LED_Manage_Output	16	static
main.c:202:6:SystemClock_Config_HSE	88	static
