can_loopback_IT_main.c:25:5:main	8	static
can_loopback_IT_main.c:61:6:Error_handler	4	static
can_loopback_IT_main.c:66:6:CAN1_Init	8	static
can_loopback_IT_main.c:87:6:CAN_Filter_Config	48	static
can_loopback_IT_main.c:106:6:CAN1_Tx	48	static
can_loopback_IT_main.c:122:6:HAL_CAN_TxMailbox0CompleteCallback	16	static
can_loopback_IT_main.c:127:6:HAL_CAN_TxMailbox1CompleteCallback	16	static
can_loopback_IT_main.c:132:6:HAL_CAN_TxMailbox2CompleteCallback	16	static
can_loopback_IT_main.c:137:6:HAL_CAN_RxFifo0MsgPendingCallback	56	static
can_loopback_IT_main.c:147:6:HAL_CAN_ErrorCallback	16	static
can_loopback_IT_main.c:152:6:SystemClock_Config_HSE	88	static
