main.c:29:5:main	8	static
main.c:66:6:HAL_TIM_PeriodElapsedCallback	16	static
main.c:70:6:CAN1_Init	8	static
main.c:91:6:CAN_Filter_Config	48	static
main.c:110:6:CAN1_Tx	40	static
main.c:144:6:HAL_CAN_TxMailbox0CompleteCallback	16	static
main.c:149:6:HAL_CAN_TxMailbox1CompleteCallback	16	static
main.c:154:6:HAL_CAN_TxMailbox2CompleteCallback	16	static
main.c:159:6:HAL_CAN_RxFifo0MsgPendingCallback	56	static
main.c:174:6:HAL_CAN_ErrorCallback	16	static
main.c:178:6:TIMER2_Init	8	static
main.c:191:6:SystemClock_Config_HSE	80	static
main.c:251:6:Error_handler	4	static
