main.c:49:5:main	8	static
main.c:63:6:task0	8	static
main.c:72:6:task1	8	static
main.c:81:6:task2	8	static
main.c:90:6:task3	8	static
main.c:99:6:idle_task	4	static
main.c:103:6:task_delay	24	static,ignoring_inline_asm
main.c:121:29:init_scheduler_stack	0	static,ignoring_inline_asm
main.c:126:6:init_tasks_stack	24	static
main.c:146:6:init_systick_timer	32	static
main.c:164:10:get_psp_value	4	static
main.c:168:6:save_psp_value	16	static
main.c:172:6:update_next_task	16	static
main.c:184:6:update_block_count_ticks	16	static
main.c:194:29:switch_sp_to_psp	0	static,ignoring_inline_asm
main.c:207:6:SysTick_Handler	16	static
main.c:213:29:PendSV_Handler	0	static,ignoring_inline_asm
main.c:238:6:enable_processor_faults	16	static
main.c:246:6:HardFault_Handler	8	static
main.c:251:6:MemManage_Handler	8	static
main.c:256:6:BusFault_Handler	8	static
main.c:261:30:UsageFault_Handler	0	static,ignoring_inline_asm
main.c:267:6:UsageFault_Handler_c	24	static
